******************************************************************************
              TMS320C55x Linker PC v4.4.1                      
******************************************************************************
>> Linked Wed Apr 12 16:09:31 2017

OUTPUT FILE NAME:   <reciever_.out>
ENTRY POINT SYMBOL: "_c_int00"  address: 00014681


MEMORY CONFIGURATION

         name            origin    length      used     unused   attr    fill
                        (bytes)   (bytes)    (bytes)   (bytes)
----------------------  --------  ---------  --------  --------  ----  --------
  MMR                   00000000   000000c0  00000000  000000c0  RWIX
  DARAM0                000000c0   00001f40  00000dec  00001154  RWIX
  DARAM1                00002000   00002000  00000000  00002000  RWIX
  DARAM2                00004000   00002000  00000000  00002000  RWIX
  DARAM3                00006000   00002000  00000000  00002000  RWIX
  DARAM4                00008000   00002000  00000400  00001c00  RWIX
  DARAM5                0000a000   00002000  000014e8  00000b18  RWIX
  DARAM6                0000c000   00002000  00000000  00002000  RWIX
  DARAM7                0000e000   00002000  00000000  00002000  RWIX
  SARAM0                00010000   00002000  00002000  00000000  RWIX
  SARAM1                00012000   00002000  00001fff  00000001  RWIX
  SARAM2                00014000   00002000  000007b2  0000184e  RWIX
  SARAM3                00016000   00002000  00000000  00002000  RWIX
  SARAM4                00018000   00002000  00000000  00002000  RWIX
  SARAM5                0001a000   00002000  00000000  00002000  RWIX
  SARAM6                0001c000   00002000  00000000  00002000  RWIX
  SARAM7                0001e000   00002000  00000000  00002000  RWIX
  SARAM8                00020000   00002000  00000000  00002000  RWIX
  SARAM9                00022000   00002000  00000000  00002000  RWIX
  SARAM10               00024000   00002000  00000000  00002000  RWIX
  SARAM11               00026000   00002000  00000000  00002000  RWIX
  SARAM12               00028000   00002000  00000000  00002000  RWIX
  SARAM13               0002a000   00002000  00000000  00002000  RWIX
  SARAM14               0002c000   00002000  00000000  00002000  RWIX
  SARAM15               0002e000   00002000  00000000  00002000  RWIX
  SARAM16               00030000   00002000  00000000  00002000  RWIX
  SARAM17               00032000   00002000  00000000  00002000  RWIX
  SARAM18               00034000   00002000  00000000  00002000  RWIX
  SARAM19               00036000   00002000  00000000  00002000  RWIX
  SARAM20               00038000   00002000  00000000  00002000  RWIX
  SARAM21               0003a000   00002000  00000000  00002000  RWIX
  SARAM22               0003c000   00002000  00000000  00002000  RWIX
  SARAM23               0003e000   00002000  00000000  00002000  RWIX
  SARAM24               00040000   00002000  00000000  00002000  RWIX
  SARAM25               00042000   00002000  00000000  00002000  RWIX
  SARAM26               00044000   00002000  00000000  00002000  RWIX
  SARAM27               00046000   00002000  00000000  00002000  RWIX
  SARAM28               00048000   00002000  00000000  00002000  RWIX
  SARAM29               0004a000   00002000  00000000  00002000  RWIX
  SARAM30               0004c000   00002000  00000000  00002000  RWIX
  SARAM31               0004e000   00002000  00000000  00002000  RWIX
  CS0                   00050000   007b0000  00000000  007b0000  RWIX
  CS2                   00800000   00400000  00000000  00400000  RWIX
  CS3                   00c00000   00200000  00000000  00200000  RWIX
  CS4                   00e00000   00100000  00000000  00100000  RWIX
  CS5                   00f00000   000e0000  00000000  000e0000  RWIX
  ROM                   00fe0000   0001ff00  00000000  0001ff00  RWIX
  VECS                  00ffff00   00000100  00000100  00000000  RWIX


SECTION ALLOCATION MAP
(Addresses surrounded by []'s are displayed for convenience only!)

output                                                          attributes/
section   page  orgn(bytes) orgn(words) len(bytes) len(words)   input sections
--------  ----  ----------- ----------- ---------- ----------   --------------
.stack       0   [ 000000c0 ]  00000060          *   00000200   UNINITIALIZED
                 [ 000000c0 ]  00000060          *   00000200   --HOLE--

.sysstack 
*            0   [ 000004c0 ]  00000260          *   00000200   UNINITIALIZED
                 [ 000004c0 ]  00000260          *   00000200   --HOLE--

.const       0   [ 000008c0 ]  00000460          *   00000142   
                 [ 000008c0 ]  00000460          *   00000101   rts55x.lib : ctype.obj (.const:__ctypes_)
                 [ 00000ac2 ]  00000561          *   00000001   --HOLE-- [fill = 0]
                 [ 00000ac4 ]  00000562          *   00000024              : _printfi.obj (.const:.string)
                 [ 00000b0c ]  00000586          *   0000000c              : _printfi.obj (.const)
                 [ 00000b24 ]  00000592          *   00000008              : divd.obj (.const:_initial_approx$1)
                 [ 00000b34 ]  0000059a          *   00000003   char_receiver.obj (.const:.string)
                 [ 00000b3a ]  0000059d          *   00000001   --HOLE-- [fill = 0]
                 [ 00000b3c ]  0000059e          *   00000002   rts55x.lib : fputs.obj (.const:.string)
                 [ 00000b40 ]  000005a0          *   00000002              : fltlid.obj (.const)

.cio         0   [ 00000b48 ]  000005a4          *   00000120   UNINITIALIZED
                 [ 00000b48 ]  000005a4          *   00000120   rts55x.lib : trgmsg.obj (.cio)

.cinit       0   [ 00000d88 ]  000006c4          *   00000094   
                 [ 00000d88 ]  000006c4          *   0000002d   rts55x.lib : lowlev.obj (.cinit)
                 [ 00000de2 ]  000006f1          *   0000002a              : defs.obj (.cinit)
                 [ 00000e36 ]  0000071b          *   0000001c   char_receiver.obj (.cinit)
                 [ 00000e6e ]  00000737          *   0000000a   rts55x.lib : _lock.obj (.cinit)
                 [ 00000e82 ]  00000741          *   0000000a              : exit.obj (.cinit)
                 [ 00000e96 ]  0000074b          *   00000004              : fopen.obj (.cinit)
                 [ 00000e9e ]  0000074f          *   00000004              : memory.obj (.cinit)
                 [ 00000ea6 ]  00000753          *   00000004   usbstk5515bsl.lib : usbstk5515_i2c.obj (.cinit)
                 [ 00000eae ]  00000757          *   00000001   --HOLE-- [fill = 0]

.sysmem      0   [ 00008000 ]  00004000          *   00000200   UNINITIALIZED
                 [ 00008000 ]  00004000          *   00000200   --HOLE--

.data        0   [ 00008000 ]  00004000          *   00000000   UNINITIALIZED

.bss         0   [ 0000a000 ]  00005000          *   00000a74   UNINITIALIZED
                 [ 0000a000 ]  00005000          *   00000809   char_receiver.obj (.bss)
                 [ 0000b012 ]  00005809          *   00000001   rts55x.lib : fopen.obj (.bss)
                 [ 0000b014 ]  0000580a          *   00000119              : defs.obj (.bss)
                 [ 0000b246 ]  00005923          *   000000d0              : trgdrv.obj (.bss)
                 [ 0000b3e6 ]  000059f3          *   00000001   usbstk5515bsl.lib : usbstk5515_i2c.obj (.bss)
                 [ 0000b3e8 ]  000059f4          *   00000071   rts55x.lib : lowlev.obj (.bss)
                 [ 0000b4ca ]  00005a65          *   00000001   --HOLE--
                 [ 0000b4cc ]  00005a66          *   00000006              : memory.obj (.bss)
                 [ 0000b4d8 ]  00005a6c          *   00000004              : _lock.obj (.bss)
                 [ 0000b4e0 ]  00005a70          *   00000004              : exit.obj (.bss)

.text.1      0     00010000  [ 00008000 ] 00002000          *   
                   00010000  [ 00008000 ] 000015a4          *   rts55x.lib : _printfi.obj (.text)
                   000115a4  [ 00008ad2 ] 00000543          *              : lowlev.obj (.text)
                   00011ae7  [ 00008d73+] 000004b5          *              : memory.obj (.text)
                   00011f9c  [ 00008fce ] 0000005c          *              : atoi.obj (.text)
                   00011ff8  [ 00008ffc ] 00000007          *              : exit.obj (.text:CIO_breakpoint)
                   00011fff  [ 00008fff ] 00000001          *   --HOLE-- [fill = 20]

.text.2      0     00012000  [ 00009000 ] 00001fff          *   
                   00012000  [ 00009000 ] 00000528          *   rts55x.lib : trgdrv.obj (.text)
                   00012528  [ 00009294 ] 00000454          *   char_receiver.obj (.text)
                   0001297c  [ 000094be ] 000003cc          *   rts55x.lib : divd.obj (.text)
                   00012d48  [ 000096a4 ] 0000027f          *              : fopen.obj (.text)
                   00012fc7  [ 000097e3+] 0000025e          *              : llmpy.obj (.text)
                   00013225  [ 00009912+] 0000025a          *              : addd.obj (.text)
                   0001347f  [ 00009a3f+] 000001ea          *              : cmpd.obj (.text)
                   00013669  [ 00009b34+] 00000163          *              : fputs.obj (.text)
                   000137cc  [ 00009be6 ] 00000156          *   usbstk5515bsl.lib : usbstk5515_gpio.obj (.text)
                   00013922  [ 00009c91 ] 0000014c          *   rts55x.lib : mpyd.obj (.text)
                   00013a6e  [ 00009d37 ] 0000013e          *   usbstk5515bsl.lib : usbstk5515_i2c.obj (.text)
                   00013bac  [ 00009dd6 ] 000000e6          *   rts55x.lib : setvbuf.obj (.text)
                   00013c92  [ 00009e49 ] 000000dd          *              : _io_perm.obj (.text)
                   00013d6f  [ 00009eb7+] 000000c2          *              : fflush.obj (.text)
                   00013e31  [ 00009f18+] 000000ba          *              : trgmsg.obj (.text:CIO_breakpoint)
                   00013eeb  [ 00009f75+] 000000a6          *              : fputc.obj (.text)
                   00013f91  [ 00009fc8+] 0000006d          *              : trgmsg.obj (.text)
                   00013ffe  [ 00009fff ] 00000001          *   --HOLE-- [fill = 20]

.text.3      0     00014000  [ 0000a000 ] 000007b2          *   
                   00014000  [ 0000a000 ] 000000a1          *   rts55x.lib : divul.obj (.text)
                   000140a1  [ 0000a050+] 0000007d          *              : ltoa.obj (.text)
                   0001411e  [ 0000a08f ] 0000007b          *              : fclose.obj (.text)
                   00014199  [ 0000a0cc+] 00000076          *              : frcmpyd.obj (.text)
                   0001420f  [ 0000a107+] 00000073          *              : frcmpyd_div.obj (.text)
                   00014282  [ 0000a141 ] 00000072          *              : remul.obj (.text)
                   000142f4  [ 0000a17a ] 0000006f          *              : fixdli.obj (.text)
                   00014363  [ 0000a1b1+] 0000006b          *              : fseek.obj (.text)
                   000143ce  [ 0000a1e7 ] 00000067          *              : fltlid.obj (.text)
                   00014435  [ 0000a21a+] 00000054          *   usbstk5515bsl.lib : usbstk5515.obj (.text)
                   00014489  [ 0000a244+] 00000050          *   rts55x.lib : printf.obj (.text)
                   000144d9  [ 0000a26c+] 0000004d          *              : autoinit.obj (.text)
                   00014526  [ 0000a293 ] 0000004b          *              : args_main.obj (.text)
                   00014571  [ 0000a2b8+] 0000004b          *              : remli.obj (.text)
                   000145bc  [ 0000a2de ] 00000048          *              : divli.obj (.text)
                   00014604  [ 0000a302 ] 0000003f          *              : memcpy.obj (.text)
                   00014643  [ 0000a321+] 0000003e          *              : exit.obj (.text)
                   00014681  [ 0000a340+] 00000034          *              : boot.obj (.text)
                   000146b5  [ 0000a35a+] 0000002a          *              : fixdi.obj (.text)
                   000146df  [ 0000a36f+] 0000002a          *              : udiv.obj (.text)
                   00014709  [ 0000a384+] 00000023          *              : memccpy.obj (.text)
                   0001472c  [ 0000a396 ] 0000001a          *              : isinf.obj (.text)
                   00014746  [ 0000a3a3 ] 00000016          *              : setbuf.obj (.text)
                   0001475c  [ 0000a3ae ] 00000014          *              : subd.obj (.text)
                   00014770  [ 0000a3b8 ] 00000013          *              : lmpy.obj (.text)
                   00014783  [ 0000a3c1+] 00000012          *              : _lock.obj (.text)
                   00014795  [ 0000a3ca+] 00000010          *              : negd.obj (.text)
                   000147a5  [ 0000a3d2+] 0000000a          *              : remove.obj (.text)
                   000147af  [ 0000a3d7+] 00000002          *              : vectors.obj (.text)
                   000147b1  [ 0000a3d8 ] 00000001          *   --HOLE-- [fill = 20]

vectors      0     00ffff00  [ 007fff80 ] 00000100          *   NOLOAD SECTION
                   00ffff00  [ 007fff80 ] 00000100          *   rts55x.lib : vectors.obj (vectors)


GLOBAL SYMBOLS: SORTED ALPHABETICALLY BY Name 

abs. value/
byte addr   word addr   name
---------   ---------   ----
00000002                $TI_capability$C5500$CallingConvention
00000002                $TI_capability$C5500$MemoryModel
00000001                $TI_capability_requires_rev3
            00005000    .bss
            00004000    .data
ffffffff                .text
00011ff9                C$$EXIT
00013ee6                C$$IO$$
00014770                I$$LMPY
000146df                I$$UDIV
000146f4                I$$UMOD
0001254a                _AIC3204_config
00012528                _AIC3204_rset
000124ca                _HOSTclock
0001245f                _HOSTclose
000123aa                _HOSTlseek
0001230b                _HOSTopen
0001227e                _HOSTread
000121d0                _HOSTrename
00012172                _HOSTtime
00012108                _HOSTunlink
0001207b                _HOSTwrite
            00005000    _LEFT_DATA
            00005001    _RIGHT_DATA
00ffff00                _Reset
000138ca                _USBSTK5515_GPIO_getInput
000137cc                _USBSTK5515_GPIO_init
000137d0                _USBSTK5515_GPIO_setDirection
0001384d                _USBSTK5515_GPIO_setOutput
00013a8d                _USBSTK5515_I2C_close
00013a6e                _USBSTK5515_I2C_init
00013b33                _USBSTK5515_I2C_read
00013a96                _USBSTK5515_I2C_reset
00013aa4                _USBSTK5515_I2C_write
0001447b                _USBSTK5515_init
00014435                _USBSTK5515_wait
00014469                _USBSTK5515_waitusec
            000005a4    __CIOBUF_
            00000260    __STACK_END
00000400                __STACK_SIZE
00000400                __SYSMEM_SIZE
00000400                __SYSSTACK_SIZE
00000001                __TI_args_main
ffffffff                ___binit__
            00005000    ___bss__
ffffffff                ___c_args__
            000006c4    ___cinit__
            00004000    ___data__
            00004000    ___edata__
            00005a74    ___end__
ffffffff                ___etext__
0001472c                ___isinf
ffffffff                ___pinit__
ffffffff                ___text__
00013225                __addd
00014526                __args_main
00012e69                __cleanup
            00005a70    __cleanup_ptr
00013611                __cmpd
            00000460    __ctypes_
0001297c                __divd
000145bc                __divli
000131f0                __divlli
000146df                __divu
00014000                __divul
000130fc                __divull
00013d6f                __doflush
            00005a72    __dtors_ptr
000135dd                __eqld
000146b5                __fixdi
000142f4                __fixdli
000143ce                __fltlid
00014199                __frcmpyd
0001420f                __frcmpyd_div
            00005922    __ft_end
            0000580a    __ftable
00013593                __geqd
00013548                __gtrd
000134fb                __leqd
            00005a6c    __lock
000134b3                __lssd
00013922                __mpyd
00014770                __mpyli
00013044                __mpylli
00014795                __negd
0001347f                __neqd
00014793                __nop
00011362                __printfi
00013d12                __rd_ok
0001478b                __register_lock
00014783                __register_unlock
00014571                __remli
00013015                __remlli
000146f4                __remu
00014282                __remul
00012fc7                __remull
            00000060    __stack
0001475c                __subd
            00004000    __sys_memory
            00000260    __sysstack
            00005882    __tmpnams
            00005a6e    __unlock
00013c92                __wrt_ok
00011ff8                _abort
000119f7                _add_device
            00005006    _ascii_pointer
00011f9c                _atoi
000144d9                _auto_init
00014681                _c_int00
00011f76                _calloc
000127f6                _check_pattern
00011f6e                _chkheap
00011984                _close
            00005407    _data_ascii
            00005005    _data_cap_pointer
            00005007    _data_captured
            00005807    _data_next
            00005002    _data_received
            00005004    _data_to_write_int
000126e8                _detect_one
0001276f                _detect_zero
00014643                _exit
0001411e                _fclose
00013dd8                _fflush
0001197b                _find_registered_device
00012f8c                _fopen
00013eeb                _fputc
00013669                _fputs
00011ae7                _free
00011f18                _free_memory
00012ec3                _freopen
00014363                _fseek
00012000                _getenv
            00005003    _header
            000059f3    _i2c_timeout
00011915                _lseek
000140a1                _ltoa
0001282a                _main
00011c18                _malloc
00011ebe                _max_free
00014709                _memccpy
00014604                _memcpy
00011bb3                _minit
            00005808    _no_match_count
00011856                _open
00014489                _printf
00013eeb                _putc
00013f82                _putchar
0001379e                _puts
000117a8                _read
00013f91                _readmsg
00011d0d                _realloc
000147a5                _remove
00011772                _remove_device
00011719                _rename
00014746                _setbuf
00013bac                _setvbuf
000116e6                _unlink
000115a4                _write
00013e31                _writemsg
ffffffff                binit
            000006c4    cinit
            00004000    edata
            00005a74    end
ffffffff                etext
ffffffff                pinit


GLOBAL SYMBOLS: SORTED BY Symbol Address 

abs. value/
byte addr   word addr   name
---------   ---------   ----
00000001                $TI_capability_requires_rev3
00000001                __TI_args_main
00000002                $TI_capability$C5500$CallingConvention
00000002                $TI_capability$C5500$MemoryModel
            00000060    __stack
00000400                __STACK_SIZE
00000400                __SYSMEM_SIZE
00000400                __SYSSTACK_SIZE
            00000260    __STACK_END
            00000260    __sysstack
            00000460    __ctypes_
            000005a4    __CIOBUF_
            000006c4    ___cinit__
            000006c4    cinit
            00004000    .data
            00004000    ___data__
            00004000    ___edata__
            00004000    __sys_memory
            00004000    edata
            00005000    .bss
            00005000    _LEFT_DATA
            00005000    ___bss__
            00005001    _RIGHT_DATA
            00005002    _data_received
            00005003    _header
            00005004    _data_to_write_int
            00005005    _data_cap_pointer
            00005006    _ascii_pointer
            00005007    _data_captured
            00005407    _data_ascii
            00005807    _data_next
            00005808    _no_match_count
            0000580a    __ftable
            00005882    __tmpnams
            00005922    __ft_end
            000059f3    _i2c_timeout
            00005a6c    __lock
            00005a6e    __unlock
            00005a70    __cleanup_ptr
            00005a72    __dtors_ptr
            00005a74    ___end__
            00005a74    end
00011362                __printfi
000115a4                _write
000116e6                _unlink
00011719                _rename
00011772                _remove_device
000117a8                _read
00011856                _open
00011915                _lseek
0001197b                _find_registered_device
00011984                _close
000119f7                _add_device
00011ae7                _free
00011bb3                _minit
00011c18                _malloc
00011d0d                _realloc
00011ebe                _max_free
00011f18                _free_memory
00011f6e                _chkheap
00011f76                _calloc
00011f9c                _atoi
00011ff8                _abort
00011ff9                C$$EXIT
00012000                _getenv
0001207b                _HOSTwrite
00012108                _HOSTunlink
00012172                _HOSTtime
000121d0                _HOSTrename
0001227e                _HOSTread
0001230b                _HOSTopen
000123aa                _HOSTlseek
0001245f                _HOSTclose
000124ca                _HOSTclock
00012528                _AIC3204_rset
0001254a                _AIC3204_config
000126e8                _detect_one
0001276f                _detect_zero
000127f6                _check_pattern
0001282a                _main
0001297c                __divd
00012e69                __cleanup
00012ec3                _freopen
00012f8c                _fopen
00012fc7                __remull
00013015                __remlli
00013044                __mpylli
000130fc                __divull
000131f0                __divlli
00013225                __addd
0001347f                __neqd
000134b3                __lssd
000134fb                __leqd
00013548                __gtrd
00013593                __geqd
000135dd                __eqld
00013611                __cmpd
00013669                _fputs
0001379e                _puts
000137cc                _USBSTK5515_GPIO_init
000137d0                _USBSTK5515_GPIO_setDirection
0001384d                _USBSTK5515_GPIO_setOutput
000138ca                _USBSTK5515_GPIO_getInput
00013922                __mpyd
00013a6e                _USBSTK5515_I2C_init
00013a8d                _USBSTK5515_I2C_close
00013a96                _USBSTK5515_I2C_reset
00013aa4                _USBSTK5515_I2C_write
00013b33                _USBSTK5515_I2C_read
00013bac                _setvbuf
00013c92                __wrt_ok
00013d12                __rd_ok
00013d6f                __doflush
00013dd8                _fflush
00013e31                _writemsg
00013ee6                C$$IO$$
00013eeb                _fputc
00013eeb                _putc
00013f82                _putchar
00013f91                _readmsg
00014000                __divul
000140a1                _ltoa
0001411e                _fclose
00014199                __frcmpyd
0001420f                __frcmpyd_div
00014282                __remul
000142f4                __fixdli
00014363                _fseek
000143ce                __fltlid
00014435                _USBSTK5515_wait
00014469                _USBSTK5515_waitusec
0001447b                _USBSTK5515_init
00014489                _printf
000144d9                _auto_init
00014526                __args_main
00014571                __remli
000145bc                __divli
00014604                _memcpy
00014643                _exit
00014681                _c_int00
000146b5                __fixdi
000146df                I$$UDIV
000146df                __divu
000146f4                I$$UMOD
000146f4                __remu
00014709                _memccpy
0001472c                ___isinf
00014746                _setbuf
0001475c                __subd
00014770                I$$LMPY
00014770                __mpyli
00014783                __register_unlock
0001478b                __register_lock
00014793                __nop
00014795                __negd
000147a5                _remove
00ffff00                _Reset
ffffffff                .text
ffffffff                ___binit__
ffffffff                ___c_args__
ffffffff                ___etext__
ffffffff                ___pinit__
ffffffff                ___text__
ffffffff                binit
ffffffff                etext
ffffffff                pinit

[166 symbols]
